../Core/Inc/Hardware/robot_hal.h:54:20:delay_us	24	static
../Core/Src/main.c:105:5:main	8	static
../Core/Src/main.c:203:6:SystemClock_Config	88	static
../Core/Src/main.c:250:13:MX_ADC1_Init	24	static
../Core/Src/main.c:297:13:MX_I2C1_Init	8	static
../Core/Src/main.c:331:13:MX_TIM1_Init	96	static
../Core/Src/main.c:410:13:MX_TIM2_Init	56	static
../Core/Src/main.c:459:13:MX_TIM3_Init	56	static
../Core/Src/main.c:508:13:MX_USART1_UART_Init	8	static
../Core/Src/main.c:541:13:MX_USART2_UART_Init	8	static
../Core/Src/main.c:574:13:MX_GPIO_Init	40	static
../Core/Src/main.c:638:5:__io_putchar	16	static
../Core/Src/main.c:645:6:HAL_UART_RxCpltCallback	16	static
../Core/Src/main.c:653:6:HAL_GPIO_EXTI_Callback	16	static
../Core/Src/main.c:661:6:SR04_EXTI_Callback	8	static
../Core/Src/main.c:672:6:Mode_Init	8	static
../Core/Src/main.c:695:6:Tracking_Init	32	static
../Core/Src/main.c:717:6:Error_Handler	4	static,ignoring_inline_asm
