../Core/Src/main.c:268:6:SystemClock_Config	88	static,ignoring_inline_asm
../Core/Src/main.c:703:5:__io_putchar	16	static
../Core/Src/main.c:713:6:HAL_UART_RxCpltCallback	0	static
../Core/Src/main.c:721:6:HAL_GPIO_EXTI_Callback	0	static
../Core/Src/main.c:729:6:SR04_EXTI_Callback	8	static
../Core/Src/main.c:763:6:Tracking_Init	40	static
../Core/Src/main.c:740:6:Mode_Init	8	static
../Core/Src/main.c:140:5:main	112	static,ignoring_inline_asm
../Core/Src/main.c:785:6:Error_Handler	0	static,ignoring_inline_asm
