../Core/Inc/Hardware/robot_hal.h:54:20:delay_us	2
../Core/Src/main.c:105:5:main	7
../Core/Src/main.c:203:6:SystemClock_Config	4
../Core/Src/main.c:250:13:MX_ADC1_Init	3
../Core/Src/main.c:297:13:MX_I2C1_Init	2
../Core/Src/main.c:331:13:MX_TIM1_Init	8
../Core/Src/main.c:410:13:MX_TIM2_Init	3
../Core/Src/main.c:459:13:MX_TIM3_Init	3
../Core/Src/main.c:508:13:MX_USART1_UART_Init	2
../Core/Src/main.c:541:13:MX_USART2_UART_Init	2
../Core/Src/main.c:574:13:MX_GPIO_Init	1
../Core/Src/main.c:638:5:__io_putchar	1
../Core/Src/main.c:645:6:HAL_UART_RxCpltCallback	2
../Core/Src/main.c:653:6:HAL_GPIO_EXTI_Callback	2
../Core/Src/main.c:661:6:SR04_EXTI_Callback	2
../Core/Src/main.c:672:6:Mode_Init	5
../Core/Src/main.c:695:6:Tracking_Init	1
../Core/Src/main.c:717:6:Error_Handler	1
