../Core/Src/ring_buffer.h:17:20:rb_init	16	static
../Core/Src/ring_buffer.h:24:20:rb_push	24	static
../Core/Src/main.c:98:5:main	56	static,ignoring_inline_asm
../Core/Src/main.c:216:6:SystemClock_Config	72	static
../Core/Src/main.c:256:13:MX_I2C1_Init	8	static
../Core/Src/main.c:290:13:MX_TIM1_Init	96	static
../Core/Src/main.c:369:13:MX_TIM2_Init	56	static
../Core/Src/main.c:418:13:MX_TIM3_Init	56	static
../Core/Src/main.c:467:13:MX_TIM4_Init	32	static
../Core/Src/main.c:512:13:MX_USART2_UART_Init	8	static
../Core/Src/main.c:545:13:MX_GPIO_Init	40	static
../Core/Src/main.c:576:6:HAL_TIM_PeriodElapsedCallback	32	static
../Core/Src/main.c:607:6:HAL_UART_RxCpltCallback	16	static
../Core/Src/main.c:617:13:apply_bt_command	80	static
../Core/Src/main.c:676:6:Error_Handler	4	static,ignoring_inline_asm
