../Core/Src/ring_buffer.h:17:20:rb_init	1
../Core/Src/ring_buffer.h:24:20:rb_push	2
../Core/Src/main.c:98:5:main	4
../Core/Src/main.c:215:6:SystemClock_Config	3
../Core/Src/main.c:255:13:MX_I2C1_Init	2
../Core/Src/main.c:289:13:MX_TIM1_Init	8
../Core/Src/main.c:368:13:MX_TIM2_Init	3
../Core/Src/main.c:417:13:MX_TIM3_Init	3
../Core/Src/main.c:466:13:MX_TIM4_Init	4
../Core/Src/main.c:511:13:MX_USART2_UART_Init	2
../Core/Src/main.c:544:13:MX_GPIO_Init	1
../Core/Src/main.c:575:6:HAL_TIM_PeriodElapsedCallback	2
../Core/Src/main.c:606:6:HAL_UART_RxCpltCallback	2
../Core/Src/main.c:616:13:apply_bt_command	8
../Core/Src/main.c:666:6:Error_Handler	1
