../Core/Src/ring_buffer.h:17:20:rb_init	1
../Core/Src/ring_buffer.h:24:20:rb_push	2
../Core/Src/main.c:95:5:main	4
../Core/Src/main.c:196:6:SystemClock_Config	3
../Core/Src/main.c:236:13:MX_I2C1_Init	2
../Core/Src/main.c:270:13:MX_TIM1_Init	8
../Core/Src/main.c:349:13:MX_TIM2_Init	3
../Core/Src/main.c:398:13:MX_TIM3_Init	3
../Core/Src/main.c:447:13:MX_TIM4_Init	4
../Core/Src/main.c:492:13:MX_USART2_UART_Init	2
../Core/Src/main.c:525:13:MX_GPIO_Init	1
../Core/Src/main.c:568:6:HAL_TIM_PeriodElapsedCallback	2
../Core/Src/main.c:597:6:HAL_UART_RxCpltCallback	2
../Core/Src/main.c:607:13:apply_bt_command	8
../Core/Src/main.c:629:6:Error_Handler	1
