../Drivers/eMPL/inv_mpu_dmp_motion_driver.c:1137:5:dmp_enable_gyro_cal.part.0	24	static
../Drivers/eMPL/inv_mpu_dmp_motion_driver.c:515:5:dmp_load_motion_driver_firmware	0	static
../Drivers/eMPL/inv_mpu_dmp_motion_driver.c:528:5:dmp_set_orientation	32	static
../Drivers/eMPL/inv_mpu_dmp_motion_driver.c:583:5:dmp_set_gyro_bias	24	static
../Drivers/eMPL/inv_mpu_dmp_motion_driver.c:635:5:dmp_set_accel_bias	32	static
../Drivers/eMPL/inv_mpu_dmp_motion_driver.c:687:5:dmp_set_fifo_rate	32	static
../Drivers/eMPL/inv_mpu_dmp_motion_driver.c:713:5:dmp_get_fifo_rate	0	static
../Drivers/eMPL/inv_mpu_dmp_motion_driver.c:725:5:dmp_set_tap_thresh	24	static
../Drivers/eMPL/inv_mpu_dmp_motion_driver.c:791:5:dmp_set_tap_axes	16	static
../Drivers/eMPL/inv_mpu_dmp_motion_driver.c:809:5:dmp_set_tap_count	16	static
../Drivers/eMPL/inv_mpu_dmp_motion_driver.c:827:5:dmp_set_tap_time	16	static
../Drivers/eMPL/inv_mpu_dmp_motion_driver.c:843:5:dmp_set_tap_time_multi	16	static
../Drivers/eMPL/inv_mpu_dmp_motion_driver.c:861:5:dmp_set_shake_reject_thresh	16	static
../Drivers/eMPL/inv_mpu_dmp_motion_driver.c:880:5:dmp_set_shake_reject_time	16	static
../Drivers/eMPL/inv_mpu_dmp_motion_driver.c:898:5:dmp_set_shake_reject_timeout	16	static
../Drivers/eMPL/inv_mpu_dmp_motion_driver.c:913:5:dmp_get_pedometer_step_count	16	static
../Drivers/eMPL/inv_mpu_dmp_motion_driver.c:934:5:dmp_set_pedometer_step_count	16	static
../Drivers/eMPL/inv_mpu_dmp_motion_driver.c:950:5:dmp_get_pedometer_walk_time	16	static
../Drivers/eMPL/inv_mpu_dmp_motion_driver.c:970:5:dmp_set_pedometer_walk_time	16	static
../Drivers/eMPL/inv_mpu_dmp_motion_driver.c:1122:5:dmp_get_enabled_features	0	static
../Drivers/eMPL/inv_mpu_dmp_motion_driver.c:1137:5:dmp_enable_gyro_cal	24	static
../Drivers/eMPL/inv_mpu_dmp_motion_driver.c:1155:5:dmp_enable_lp_quat	16	static
../Drivers/eMPL/inv_mpu_dmp_motion_driver.c:1179:5:dmp_enable_6x_lp_quat	16	static
../Drivers/eMPL/inv_mpu_dmp_motion_driver.c:1000:5:dmp_enable_feature	40	static
../Drivers/eMPL/inv_mpu_dmp_motion_driver.c:1232:5:dmp_set_interrupt_mode	32	static
../Drivers/eMPL/inv_mpu_dmp_motion_driver.c:1271:5:dmp_read_fifo	72	static
../Drivers/eMPL/inv_mpu_dmp_motion_driver.c:1364:5:dmp_register_tap_cb	0	static
../Drivers/eMPL/inv_mpu_dmp_motion_driver.c:1375:5:dmp_register_android_orient_cb	0	static
