../Core/Src/Hardware/mpu6050.c:5:4:MPU_Write_Len	24	static
../Core/Src/Hardware/mpu6050.c:13:4:MPU_Read_Len	24	static
../Core/Src/Hardware/mpu6050.c:21:4:MPU_Write_Byte	16	static
../Core/Src/Hardware/mpu6050.c:26:4:MPU_Read_Byte	16	static
../Core/Src/Hardware/mpu6050.c:33:4:MPU_Set_Gyro_Fsr	0	static
../Core/Src/Hardware/mpu6050.c:38:4:MPU_Set_Accel_Fsr	0	static
../Core/Src/Hardware/mpu6050.c:43:4:MPU_Set_LPF	0	static
../Core/Src/Hardware/mpu6050.c:55:4:MPU_Set_Rate	8	static
../Core/Src/Hardware/mpu6050.c:65:4:MPU_Init	8	static
../Core/Src/Hardware/mpu6050.c:90:7:MPU_Get_Temperature	16	static
../Core/Src/Hardware/mpu6050.c:99:4:MPU_Get_Gyroscope	24	static
../Core/Src/Hardware/mpu6050.c:111:4:MPU_Get_Accelerometer	24	static
