../Core/Src/Hardware/oled.c:45:6:OLED_IIC_Start	8	static
../Core/Src/Hardware/oled.c:57:6:OLED_IIC_Stop	8	static
../Core/Src/Hardware/oled.c:65:6:OLED_IIC_Wait_Ack	8	static
../Core/Src/Hardware/oled.c:74:6:OLED_Write_IIC_Byte	16	static
../Core/Src/Hardware/oled.c:96:6:OLED_Write_IIC_Command	8	static
../Core/Src/Hardware/oled.c:110:6:OLED_Write_IIC_Data	8	static
../Core/Src/Hardware/oled.c:121:6:OLED_WR_Byte	0	static
../Core/Src/Hardware/oled.c:154:6:Delay_50ms	0	static
../Core/Src/Hardware/oled.c:161:6:Delay_1ms	0	static
../Core/Src/Hardware/oled.c:172:7:OLED_Set_Pos	8	static
../Core/Src/Hardware/oled.c:178:6:OLED_Display_On	8	static
../Core/Src/Hardware/oled.c:185:6:OLED_Display_Off	8	static
../Core/Src/Hardware/oled.c:192:6:OLED_Clear	16	static
../Core/Src/Hardware/oled.c:203:6:OLED_On	16	static
../Core/Src/Hardware/oled.c:219:6:OLED_ShowChar	32	static
../Core/Src/Hardware/oled.c:241:5:oled_pow	0	static
../Core/Src/Hardware/oled.c:253:6:OLED_ShowNumber	48	static
../Core/Src/Hardware/oled.c:273:6:OLED_ShowString	24	static
../Core/Src/Hardware/oled.c:282:6:OLED_Float	56	static
../Core/Src/Hardware/oled.c:326:7:OLED_Float2	48	static
../Core/Src/Hardware/oled.c:431:6:OLED_Num_write	16	static
../Core/Src/Hardware/oled.c:412:6:OLED_Num4	24	static
../Core/Src/Hardware/oled.c:440:6:OLED_fuhao_write	16	static
../Core/Src/Hardware/oled.c:361:6:OLED_Num2	24	static
../Core/Src/Hardware/oled.c:385:6:OLED_Num3	32	static
../Core/Src/Hardware/oled.c:450:6:OLED_Num5	24	static
../Core/Src/Hardware/oled.c:466:6:OLED_Init	8	static
../Core/Src/Hardware/oled.c:510:6:oled_first_show	8	static
../Core/Src/Hardware/oled.c:522:6:oled_show	24	static
