../Core/Inc/Hardware/robot_hal.h:54:20:delay_us	24	static
../Core/Src/Hardware/PS2.c:16:6:PS2_Init	32	static
../Core/Src/Hardware/PS2.c:41:6:PS2_Cmd	24	static
../Core/Src/Hardware/PS2.c:55:4:PS2_RedLight	8	static
../Core/Src/Hardware/PS2.c:64:6:PS2_ReadData	16	static
../Core/Src/Hardware/PS2.c:83:4:PS2_DataKey	16	static
../Core/Src/Hardware/PS2.c:96:4:PS2_AnologData	16	static
../Core/Src/Hardware/PS2.c:101:6:PS2_ClearData	16	static
../Core/Src/Hardware/PS2.c:107:6:PS2_Vibration	16	static
../Core/Src/Hardware/PS2.c:116:13:PS2_ShortPoll	8	static
../Core/Src/Hardware/PS2.c:124:6:PS2_EnterConfing	8	static
../Core/Src/Hardware/PS2.c:133:6:PS2_TurnOnAnalogMode	8	static
../Core/Src/Hardware/PS2.c:142:6:PS2_VibrationMode	8	static
../Core/Src/Hardware/PS2.c:150:6:PS2_ExitConfing	8	static
../Core/Src/Hardware/PS2.c:159:6:PS2_SetInit	8	static
