../Core/Src/Hardware/usart2.c:66:14:append_str	0	static
../Core/Src/Hardware/usart2.c:74:14:append_int	40	static
../Core/Src/Hardware/usart2.c:99:14:append_float100	8	static
../Core/Src/Hardware/usart2.c:104:13:build_debug_line	8	static
../Core/Src/Hardware/usart2.c:292:6:uart2_init	16	static
../Core/Src/Hardware/usart2.c:310:6:USART2_RxCallback	0	static
../Core/Src/Hardware/usart2.c:366:6:BluetoothCMD	12	static
../Core/Src/Hardware/usart2.c:383:4:Bluetooth_ManualControlActive	0	static
../Core/Src/Hardware/usart2.c:388:6:Uart2SendByte	16	static
../Core/Src/Hardware/usart2.c:393:6:Uart2SendBuf	0	static
../Core/Src/Hardware/usart2.c:398:6:Uart2SendStr	8	static
../Core/Src/Hardware/usart2.c:349:6:Bluetooth_DebugTask	8	static
../Core/Src/Hardware/usart2.c:316:6:Bluetooth_Process	48	static
