../Core/Src/ring_buffer.h:17:20:rb_init	16	static
../Core/Src/ring_buffer.h:24:20:rb_push	24	static
../Core/Src/main.c:143:13:low_pass_init	16	static
../Core/Src/main.c:150:14:low_pass_apply	32	static
../Core/Src/main.c:168:14:compensate_motor_pwm	24	static
../Core/Src/main.c:188:13:reset_control_state	8	static
../Core/Src/main.c:207:5:main	56	static,ignoring_inline_asm
../Core/Src/main.c:334:6:SystemClock_Config	72	static
../Core/Src/main.c:374:13:MX_I2C1_Init	8	static
../Core/Src/main.c:408:13:MX_TIM1_Init	96	static
../Core/Src/main.c:487:13:MX_TIM2_Init	56	static
../Core/Src/main.c:536:13:MX_TIM3_Init	56	static
../Core/Src/main.c:585:13:MX_TIM4_Init	32	static
../Core/Src/main.c:630:13:MX_USART2_UART_Init	8	static
../Core/Src/main.c:663:13:MX_GPIO_Init	40	static
../Core/Src/main.c:694:6:HAL_TIM_PeriodElapsedCallback	56	static
../Core/Src/main.c:756:6:HAL_UART_RxCpltCallback	16	static
../Core/Src/main.c:766:13:apply_bt_command	88	static
../Core/Src/main.c:845:6:Error_Handler	4	static,ignoring_inline_asm
