../Core/Src/ring_buffer.h:17:20:rb_init	1
../Core/Src/ring_buffer.h:24:20:rb_push	2
../Core/Src/main.c:142:13:low_pass_init	1
../Core/Src/main.c:149:14:low_pass_apply	3
../Core/Src/main.c:167:14:compensate_motor_pwm	5
../Core/Src/main.c:187:13:reset_control_state	1
../Core/Src/main.c:206:5:main	5
../Core/Src/main.c:333:6:SystemClock_Config	3
../Core/Src/main.c:373:13:MX_I2C1_Init	2
../Core/Src/main.c:407:13:MX_TIM1_Init	8
../Core/Src/main.c:486:13:MX_TIM2_Init	3
../Core/Src/main.c:535:13:MX_TIM3_Init	3
../Core/Src/main.c:584:13:MX_TIM4_Init	4
../Core/Src/main.c:629:13:MX_USART2_UART_Init	2
../Core/Src/main.c:662:13:MX_GPIO_Init	1
../Core/Src/main.c:693:6:HAL_TIM_PeriodElapsedCallback	5
../Core/Src/main.c:752:6:HAL_UART_RxCpltCallback	2
../Core/Src/main.c:762:13:apply_bt_command	13
../Core/Src/main.c:841:6:Error_Handler	1
