../Core/Src/ring_buffer.h:17:20:rb_init	16	static
../Core/Src/ring_buffer.h:24:20:rb_push	24	static
../Core/Src/main.c:127:13:low_pass_init	16	static
../Core/Src/main.c:134:14:low_pass_apply	32	static
../Core/Src/main.c:152:13:reset_control_state	8	static
../Core/Src/main.c:170:5:main	56	static,ignoring_inline_asm
../Core/Src/main.c:303:6:SystemClock_Config	72	static
../Core/Src/main.c:343:13:MX_I2C1_Init	8	static
../Core/Src/main.c:377:13:MX_TIM1_Init	96	static
../Core/Src/main.c:456:13:MX_TIM2_Init	56	static
../Core/Src/main.c:505:13:MX_TIM3_Init	56	static
../Core/Src/main.c:554:13:MX_TIM4_Init	32	static
../Core/Src/main.c:599:13:MX_USART2_UART_Init	8	static
../Core/Src/main.c:632:13:MX_GPIO_Init	40	static
../Core/Src/main.c:663:6:HAL_TIM_PeriodElapsedCallback	40	static
../Core/Src/main.c:716:6:HAL_UART_RxCpltCallback	16	static
../Core/Src/main.c:726:13:apply_bt_command	88	static
../Core/Src/main.c:805:6:Error_Handler	4	static,ignoring_inline_asm
