../Core/Src/ring_buffer.h:17:20:rb_init	16	static
../Core/Src/ring_buffer.h:24:20:rb_push	24	static
../Core/Src/main.c:142:13:low_pass_init	16	static
../Core/Src/main.c:149:14:low_pass_apply	32	static
../Core/Src/main.c:167:14:compensate_motor_pwm	24	static
../Core/Src/main.c:187:13:reset_control_state	8	static
../Core/Src/main.c:206:5:main	56	static,ignoring_inline_asm
../Core/Src/main.c:333:6:SystemClock_Config	72	static
../Core/Src/main.c:373:13:MX_I2C1_Init	8	static
../Core/Src/main.c:407:13:MX_TIM1_Init	96	static
../Core/Src/main.c:486:13:MX_TIM2_Init	56	static
../Core/Src/main.c:535:13:MX_TIM3_Init	56	static
../Core/Src/main.c:584:13:MX_TIM4_Init	32	static
../Core/Src/main.c:629:13:MX_USART2_UART_Init	8	static
../Core/Src/main.c:662:13:MX_GPIO_Init	40	static
../Core/Src/main.c:693:6:HAL_TIM_PeriodElapsedCallback	56	static
../Core/Src/main.c:752:6:HAL_UART_RxCpltCallback	16	static
../Core/Src/main.c:762:13:apply_bt_command	88	static
../Core/Src/main.c:841:6:Error_Handler	4	static,ignoring_inline_asm
