../Core/Src/ring_buffer.h:17:20:rb_init	1
../Core/Src/ring_buffer.h:24:20:rb_push	2
../Core/Src/main.c:143:13:low_pass_init	1
../Core/Src/main.c:150:14:low_pass_apply	3
../Core/Src/main.c:168:14:compensate_motor_pwm	5
../Core/Src/main.c:188:13:reset_control_state	1
../Core/Src/main.c:207:5:main	5
../Core/Src/main.c:334:6:SystemClock_Config	3
../Core/Src/main.c:374:13:MX_I2C1_Init	2
../Core/Src/main.c:408:13:MX_TIM1_Init	8
../Core/Src/main.c:487:13:MX_TIM2_Init	3
../Core/Src/main.c:536:13:MX_TIM3_Init	3
../Core/Src/main.c:585:13:MX_TIM4_Init	4
../Core/Src/main.c:630:13:MX_USART2_UART_Init	2
../Core/Src/main.c:663:13:MX_GPIO_Init	1
../Core/Src/main.c:694:6:HAL_TIM_PeriodElapsedCallback	6
../Core/Src/main.c:756:6:HAL_UART_RxCpltCallback	2
../Core/Src/main.c:766:13:apply_bt_command	13
../Core/Src/main.c:845:6:Error_Handler	1
