../Core/Src/stm32f1xx_hal_msp.c:65:6:HAL_MspInit	8	static
../Core/Src/stm32f1xx_hal_msp.c:92:6:HAL_I2C_MspInit	32	static
../Core/Src/stm32f1xx_hal_msp.c:127:6:HAL_I2C_MspDeInit	8	static
../Core/Src/stm32f1xx_hal_msp.c:158:6:HAL_TIM_Base_MspInit	16	static
../Core/Src/stm32f1xx_hal_msp.c:197:6:HAL_TIM_Encoder_MspInit	40	static
../Core/Src/stm32f1xx_hal_msp.c:247:6:HAL_TIM_MspPostInit	32	static
../Core/Src/stm32f1xx_hal_msp.c:278:6:HAL_TIM_Base_MspDeInit	0	static
../Core/Src/stm32f1xx_hal_msp.c:317:6:HAL_TIM_Encoder_MspDeInit	0	static
../Core/Src/stm32f1xx_hal_msp.c:364:6:HAL_UART_MspInit	40	static
../Core/Src/stm32f1xx_hal_msp.c:407:6:HAL_UART_MspDeInit	8	static
