../Core/Src/main.c:72:6:DWT_Init	4	static
../Core/Src/main.c:78:6:delay_us	24	static
../Core/Src/main.c:94:6:HCSR04_Trigger	8	static
../Core/Src/main.c:101:6:HAL_TIM_IC_CaptureCallback	16	static
../Core/Src/main.c:135:6:FormatDistance	24	static
../Core/Src/main.c:152:6:ssd1306_ShowDistance	24	static
../Core/Src/main.c:185:5:main	8	static
../Core/Src/main.c:247:6:SystemClock_Config	72	static
../Core/Src/main.c:287:13:MX_I2C1_Init	8	static
../Core/Src/main.c:321:13:MX_TIM2_Init	32	static
../Core/Src/main.c:369:13:MX_GPIO_Init	32	static
../Core/Src/main.c:403:6:Error_Handler	4	static,ignoring_inline_asm
